[Bootstrap]
SetupTitle=Install
SetupText=Copying Files, please stand by.
CabFile=FOFFICE.CAB
Spawn=Setup1.exe
Uninstal=st6unst.exe
TmpDir=msftqws.pdw
Cabs=1

[Bootstrap Files]
File1=@VB6STKIT.DLL,$(WinSysPathSysFile),,,6/18/98 12:00:00 AM,102912,6.0.81.69
File2=@COMCAT.DLL,$(WinSysPathSysFile),$(DLLSelfRegister),,5/31/98 12:00:00 AM,22288,4.71.1460.1
File3=@stdole2.tlb,$(WinSysPathSysFile),$(TLBRegister),,7/24/02 3:00:00 PM,16896,2.40.4518.0
File4=@asycfilt.dll,$(WinSysPathSysFile),,,7/24/02 3:00:00 PM,143632,2.40.4518.0
File5=@olepro32.dll,$(WinSysPathSysFile),$(DLLSelfRegister),,7/24/02 3:00:00 PM,164112,5.0.4518.0
File6=@oleaut32.dll,$(WinSysPathSysFile),$(DLLSelfRegister),,7/24/02 3:00:00 PM,626960,2.40.4518.0
File7=@msvbvm60.dll,$(WinSysPathSysFile),$(DLLSelfRegister),,11/8/00 3:02:46 PM,1388544,6.0.89.64

[IconGroups]
Group0=FRONT OFFICE
PrivateGroup0=False
Parent0=$(Programs)

[FRONT OFFICE]
Icon1="FOFFICE.exe"
Title1=FRONT OFFICE
StartIn1=$(AppPath)

[Setup]
Title=FRONT OFFICE
DefaultDir=$(ProgramFiles)\SYSMANAGER
AppExe=FOFFICE.exe
AppToUninstall=FOFFICE.exe

[Setup1 Files]
File1=@craxddt.dll,$(WinSysPath),$(DLLSelfRegister),$(Shared),6/5/00 9:50:54 AM,8884224,8.0.0.441
File2=@craxdrt.dll,$(WinSysPath),$(DLLSelfRegister),$(Shared),5/3/06 10:10:59 AM,5554176,8.0.0.441
File3=@msstdfmt.dll,$(WinSysPath),$(DLLSelfRegister),$(Shared),4/3/00 11:05:58 PM,118784,6.0.88.4
File4=@MSDATGRD.OCX,$(WinSysPath),$(DLLSelfRegister),$(Shared),6/24/98 12:00:00 AM,260920,6.0.81.69
File5=@TABCTL32.OCX,$(WinSysPath),$(DLLSelfRegister),$(Shared),6/24/98 12:00:00 AM,209192,6.0.81.69
File6=@mscomct2.ocx,$(WinSysPath),$(DLLSelfRegister),$(Shared),5/22/00 5:58:00 PM,647872,6.0.88.4
File7=@Comdlg32.ocx,$(WinSysPath),$(DLLSelfRegister),$(Shared),5/7/99 1:00:00 AM,140288,6.0.84.18
File8=@comctl32.ocx,$(WinSysPath),$(DLLSelfRegister),$(Shared),5/22/00 5:58:00 PM,608448,6.0.81.5
File9=@Mscomctl.ocx,$(WinSysPath),$(DLLSelfRegister),$(Shared),1/6/99 7:18:14 AM,1057552,6.1.83.41
File10=@crviewer.dll,$(WinSysPath),$(DLLSelfRegister),$(Shared),1/28/00 10:19:24 AM,509328,8.0.0.371
File11=@msador15.dll,$(CommonFilesSys)\ADO,$(DLLSelfRegister),$(Shared),7/26/00 3:36:58 PM,57616,2.60.6526.0
File12=@msado21.tlb,$(WinSysPath),$(DLLSelfRegister),$(Shared),7/26/00 2:31:14 PM,61440,2.60.6526.0
File13=@sqlns.rll,$(AppPath),,,8/6/00 1:50:36 AM,675840,2000.80.194.0
File14=@FOFFICE.exe,$(AppPath),,,6/2/06 5:58:34 PM,8593408,1.0.0.0

; The following lines may be deleted in order to obtain extra 
; space for customizing this file on a full installation diskette.
; 
; XXXXXXXXXXXXXXXXXXXXXXXXXXXXXXXXXXXXXXXXXXXXXXXXXXXXXXXXXXXX
; XXXXXXXXXXXXXXXXXXXXXXXXXXXXXXXXXXXXXXXXXXXXXXXXXXXXXXXXXXXX
; XXXXXXXXXXXXXXXXXXXXXXXXXXXXXXXXXXXXXXXXXXXXXXXXXXXXXXXXXXXX
; XXXXXXXXXXXXXXXXXXXXXXXXXXXXXXXXXXXXXXXXXXXXXXXXXXXXXXXXXXXX
; XXXXXXXXXXXXXXXXXXXXXXXXXXXXXXXXXXXXXXXXXXXXXXXXXXXXXXXXXXXX
; XXXXXXXXXXXXXXXXXXXXXXXXXXXXXXXXXXXXXXXXXXXXXXXXXXXXXXXXXXXX
; XXXXXXXXXXXXXXXXXXXXXXXXXXXXXXXXXXXXXXXXXXXXXXXXXXXXXXXXXXXX
; XXXXXXXXXXXXXXXXXXXXXXXXXXXXXXXXXXXXXXXXXXXXXXXXXXXXXXXXXXXX
; XXXXXXXXXXXXXXXXXXXXXXXXXXXXXXXXXXXXXXXXXXXXXXXXXXXXXXXXXXXX
; XXXXXXXXXXXXXXXXXXXXXXXXXXXXXXXXXXXXXXXXXXXXXXXXXXXXXXXXXXXX
; XXXXXXXXXXXXXXXXXXXXXXXXXXXXXXXXXXXXXXXXXXXXXXXXXXXXXXXXXXXX
; XXXXXXXXXXXXXXXXXXXXXXXXXXXXXXXXXXXXXXXXXXXXXXXXXXXXXXXXXXXX
; XXXXXXXXXXXXXXXXXXXXXXXXXXXXXXXXXXXXXXXXXXXXXXXXXXXXXXXXXXXX
; XXXXXXXXXXXXXXXXXXXXXXXXXXXXXXXXXXXXXXXXXXXXXXXXXXXXXXXXXXXX
; XXXXXXXXXXXXXXXXXXXXXXXXXXXXXXXXXXXXXXXXXXXXXXXXXXXXXXXXXXXX
; XXXXXXXXXXXXXXXXXXXXXXXXXXXXXXXXXXXXXXXXXXXXXXXXXXXXXXXXXXXX
; XXXXXXXXXXXXXXXXXXXXXXXXXXXXXXXXXXXXXXXXXXXXXXXXXXXXXXXXXXXX
; XXXXXXXXXXXXXXXXXXXXXXXXXXXXXXXXXXXXXXXXXXXXXXXXXXXXXXXXXXXX
; XXXXXXXXXXXXXXXXXXXXXXXXXXXXXXXXXXXXXXXXXXXXXXXXXXXXXXXXXXXX
; XXXXXXXXXXXXXXXXXXXXXXXXXXXXXXXXXXXXXXXXXXXXXXXXXXXXXXXXXXXX
; XXXXXXXXXXXXXXXXXXXXXXXXXXXXXXXXXXXXXXXXXXXXXXXXXXXXXXXXXXXX
; XXXXXXXXXXXXXXXXXXXXXXXXXXXXXXXXXXXXXXXXXXXXXXXXXXXXXXXXXXXX
; XXXXXXXXXXXXXXXXXXXXXXXXXXXXXXXXXXXXXXXXXXXXXXXXXXXXXXXXXXXX
; XXXXXXXXXXXXXXXXXXXXXXXXXXXXXXXXXXXXXXXXXXXXXXXXXXXXXXXXXXXX
; XXXXXXXXXXXXXXXXXXXXXXXXXXXXXXXXXXXXXXXXXXXXXXXXXXXXXXXXXXXX
; XXXXXXXXXXXXXXXXXXXXXXXXXXXXXXXXXXXXXXXXXXXXXXXXXXXXXXXXXXXX
; XXXXXXXXXXXXXXXXXXXXXXXXXXXXXXXXXXXXXXXXXXXXXXXXXXXXXXXXXXXX
; XXXXXXXXXXXXXXXXXXXXXXXXXXXXXXXXXXXXXXXXXXXXXXXXXXXXXXXXXXXX
; XXXXXXXXXXXXXXXXXXXXXXXXXXXXXXXXXXXXXXXXXXXXXXXXXXXXXXXXXXXX
; XXXXXXXXXXXXXXXXXXXXXXXXXXXXXXXXXXXXXXXXXXXXXXXXXXXXXXXXXXXX
; XXXXXXXXXXXXXXXXXXXXXXXXXXXXXXXXXXXXXXXXXXXXXXXXXXXXXXXXXXXX
; XXXXXXXXXXXXXXXXXXXXXXXXXXXXXXXXXXXXXXXXXXXXXXXXXXXXXXXXXXXX
; XXXXXXXXXXXXXXXXXXXXXXXXXXXXXXXXXXXXXXXXXXXXXXXXXXXXXXXXXXXX
; XXXXXXXXXXXXXXXXXXXXXXXXXXXXXXXXXXXXXXXXXXXXXXXXXXXXXXXXXXXX
; XXXXXXXXXXXXXXXXXXXXXXXXXXXXXXXXXXXXXXXXXXXXXXXXXXXXXXXXXXXX
